[00:00:00.000] (7f27aa0a5000) INFO   coucou
[00:00:03.286] (7f27aa0a5000) INFO   new connection 127.0.0.1:56898
